// Jest Snapshot v1, https://goo.gl/fbAQLP

exports[`Testing UserForm render component 1`] = `
<form>
  <input
    name="id"
    type="hidden"
    value={0}
  />
  <input
    accept="image/gif, image/jpeg, image/png"
    className="UserForm-hiddenTag-6"
    name="avatar"
    type="file"
  />
  <header
    className="MuiPaper-root-16 MuiPaper-elevation4-22 MuiAppBar-root-8 MuiAppBar-positionFixed-9 MuiAppBar-colorPrimary-14 mui-fixed UserForm-appBar-3"
  >
    <div
      className="MuiToolbar-root-43 MuiToolbar-regular-45 MuiToolbar-gutters-44"
    >
      <button
        aria-label="Close"
        className="MuiButtonBase-root-53 MuiIconButton-root-47 MuiIconButton-colorInherit-48"
        disabled={false}
        onBlur={[Function]}
        onFocus={[Function]}
        onKeyDown={[Function]}
        onKeyUp={[Function]}
        onMouseDown={[Function]}
        onMouseLeave={[Function]}
        onMouseUp={[Function]}
        onTouchEnd={[Function]}
        onTouchMove={[Function]}
        onTouchStart={[Function]}
        tabIndex="0"
        type="button"
      >
        <span
          className="MuiIconButton-label-52"
        >
          <svg
            aria-hidden="true"
            className="MuiSvgIcon-root-56"
            focusable="false"
            viewBox="0 0 24 24"
          >
            <path
              d="M19 6.41L17.59 5 12 10.59 6.41 5 5 6.41 10.59 12 5 17.59 6.41 19 12 13.41 17.59 19 19 17.59 13.41 12z"
            />
            <path
              d="M0 0h24v24H0z"
              fill="none"
            />
          </svg>
        </span>
        <span
          className="MuiTouchRipple-root-63"
        />
      </button>
      <h2
        className="MuiTypography-root-70 MuiTypography-title-76 MuiTypography-colorInherit-89 UserForm-flex-4"
      >
        Close
      </h2>
      <button
        className="MuiButtonBase-root-53 MuiButton-root-112 MuiButton-contained-121 MuiButton-raised-124 RegularButton-button-95 RegularButton-success-100"
        disabled={false}
        onBlur={[Function]}
        onFocus={[Function]}
        onKeyDown={[Function]}
        onKeyUp={[Function]}
        onMouseDown={[Function]}
        onMouseLeave={[Function]}
        onMouseUp={[Function]}
        onTouchEnd={[Function]}
        onTouchMove={[Function]}
        onTouchStart={[Function]}
        tabIndex="0"
        type="submit"
      >
        <span
          className="MuiButton-label-113"
        >
          Save
        </span>
        <span
          className="MuiTouchRipple-root-63"
        />
      </button>
    </div>
  </header>
  <div
    className="MuiGrid-container-136"
  >
    <div
      className="MuiGrid-item-137 MuiGrid-grid-xs-12-176 MuiGrid-grid-sm-12-190 MuiGrid-grid-md-12-204 GridItem-grid-233"
    >
      <div
        className="Card-card-234"
      >
        <div
          className="CardHeader-cardHeader-238 CardHeader-primaryCardHeader-246"
        >
          <h4
            className="UserForm-cardTitleWhite-2"
          >
            Edit Profile
          </h4>
          <p
            className="UserForm-cardCategoryWhite-1"
          >
            Complete your profile
          </p>
        </div>
        <div
          className="CardBody-cardBody-248"
        >
          <div
            className="MuiGrid-container-136"
          >
            <div
              className="MuiGrid-item-137 MuiGrid-grid-xs-12-176 MuiGrid-grid-sm-12-190 MuiGrid-grid-md-12-204 GridItem-grid-233"
            >
              <div
                className="MuiGrid-container-136 MuiGrid-justify-xs-center-153"
              >
                <span
                  className="MuiBadge-root-251 UserForm-pointer-7"
                  id="btnUpload"
                  onClick={[Function]}
                >
                  <div
                    className="MuiAvatar-root-256 UserForm-avatar-5"
                  >
                    <img
                      className="MuiAvatar-img-258"
                      src="data:image/png;base64,iVBORw0KGgoAAAANSUhEUgAAAMgAAADICAMAAACahl6sAAAACXBIWXMAAAsTAAALEwEAmpwYAAAAIGNIUk0AAG2YAABzjgAA+swAAIT6AAB5gQAA/RMAADBtAAASKQ0eJk4AAAMAUExURevr7Jydn5manJucnuPj5JiZm9vb3PT09MvLzMLCw5GSlPr6+qeoqdXV1tHR0rW1trW2uKusrbi4urO0tLq6vKiqq7e4uLW2tqGipLm6ury8vr6+vr+/wLu8vM7OztDQ0cjJytjY2dTU1aipqqqrrMXGxqanqKmqq6Wmp9LT062usKSlprS0ta2trra2t6ytrqWmqK2ur66vsK6ur7CwsbOztK+vsK+wsbKys7GxsqOkpqOkpZ6foampq6qqrJ2eoKenqaysraKjpZqbnbi4uaKjpKSlp5eYmqioqqurrKChory8vKGio6amqKCho7Gys7CxsrGysrKzs5+gop+gobS1tbq6u7e3uLCxsbKztLi4uJWWmJaXmba3t7i5ub29vZWXmZSWmLq6upOVl5SVl7m5up6foLq7u7u7vJqcnZOUlpeZm5aYmpKUlry8vZKTlpGTlZCRlJCRk6ytr9bX197e3q+vsb2+v8DAweDh4bOztebm5ujp6e/v756eoP///4CAgIGBgYKCgoODg4SEhIWFhYaGhoeHh4iIiImJiYqKiouLi4yMjI2NjY6Ojo+Pj5CQkJGRkZKSkpOTk5SUlJWVlZaWlpeXl5iYmJmZmZqampubm5ycnJ2dnZ6enp+fn6CgoKGhoaKioqOjo6SkpKWlpaampqenp6ioqKmpqaqqqqurq6ysrK2tra6urq+vr7CwsLGxsbKysrOzs7S0tLW1tba2tre3t7i4uLm5ubq6uru7u7y8vL29vb6+vr+/v8DAwMHBwcLCwsPDw8TExMXFxcbGxsfHx8jIyMnJycrKysvLy8zMzM3Nzc7Ozs/Pz9DQ0NHR0dLS0tPT09TU1NXV1dbW1tfX19jY2NnZ2dra2tvb29zc3N3d3d7e3t/f3+Dg4OHh4eLi4uPj4+Tk5OXl5ebm5ufn5+jo6Onp6erq6uvr6+zs7O3t7e7u7u/v7/Dw8PHx8fLy8vPz8/T09PX19fb29vf39/j4+Pn5+fr6+vv7+/z8/P39/f7+/v///zfARREAAAeqSURBVHja7N3xVxJZFMBxQAQVilzPSTslBxcDdwdtBQRBDQUFBYNMDTcoNLAMM7QD23JozvvX94cJZBhQZ+bdO2/26F/Q59wv8K48JwP5n/wY7iH3kHvIPYT6D89bLBazfiF8Y+T09PT09MOHzc3Nd+8yeoTwb99+/PjkSbfj8eN83qYPSCOTOTs7O3veEP69UkcegEIdMpPJCI6zz5/f9p9HPp9//97KMsTwLZO5o2Nh4RmrkHrpmxzHwsICzyLEWSq1IXd1TE6aWYNYSqVSqSRzHpOTDsdDliC2ksBQ4HA4zOxA6iURRJ7DccizAbE9fVpyNXhlXTkcjsNDHxMQKyGEWBV35Tg89Pl8rKTVUtHVoc/n89mYgPBK3686Dt8EIcQwMzOjKUTF+1XHMbG0tLT095s3y8vL77WCqHq/Ehy+Lsdybm9aC4irRKGrLkcut7cXiUTQIS1588jfPo/cXiQSibxGhtTpdyU4kCElyq/zXMdx9AwT0qI+j1zbEQwiQmyUX+fXXR0Fg0EXGsQK1dXRUTAYDIbRIJBdBYNhNIgFsqtgOBx2IkFguwqHQyEcSAu2q3AICwLcVSjEh1oYEPCuQgbix4A4obsK+QmPAwHtKhTy+3+gvEacsF2F/H5/wIAIAevK7/cHAhgQgPNuzzwCgcAiFgSoK3/bgQWhuUdJuwosYkGgu1pcnDdgQCju5wPmMY8CAeyqPY/5+To8BKErPAjY50fb8QIHAnIu6Z7HCxwI0Lmk24ECge8KB4LQ1YuNDYS3X4SuNjbGESAIXW2M40DAuxofH0c4ayF0hQNB6AoJAt8VDgShq/GdHQwIYFfteezMIkCgzrsiBwZkhPp+LulqFgXyB/X9XDoPFEgTviscCE99P+/+/PjlwIAQ6vu5dB4vX2JAALvaaTu8OBCoc0m7q5deHAjYuaQzD68fAwJ3Luk4vC4MyAh4V17vAwxIE7orr9fLY0AIdFde7xpBg8B09cuBCAHtyrvmxoLAdrXm/h0DUgfvas3tdvPQEBdCV2632+3eHgWFwL9ftR12+yYg5CfIfi7pyu3ettvtdkAI2B4lnYfdbndBQiD28wGO9XUwiAFmP5e8zu0CxGOFgrgQu1pf93hcUJA84HlX/DoXIDkoCNB+3r8rj8fjgYIA7ef9u4KGoHXl8XheAUKAzyXdXXlezcFBwM8lXV29moODoHY1BwfB7QoSgtoVIARuj+rXFTAEtCvxPJKPoCBm1K6SyZ9gx3jorrodc0kObh/B7CrJzQJCELviZA1EJsQAtp9LuwKFENA9SjwPbhoSYgbbzwVGl0PeQGT/gg5sP+/tipuFhRCkruQORD5kFPa8qzAsJb/Ehj3v/uqKM8NDSANmPxd11cD5fgS8K5Q/3yOE2L7l9vYWALpKPuI4jsP7M3DhB+JcovyBbmoeJ0K/K45oASG0u0py09pAND7v0oM0qe7nSU4zCKG7R2kJofw5yGsFcVLcz1UOROXztah2pSWE6vkqatUO0qS2n3McFyXaQYiP2h6l0qH6qYCU9nMuGmUBon6P4qLRh9pCrJS6UjsQ9Q+cXKKwR3HRaPQfrSGESlfRFaI5pK7284OKg8aDiyl0tcIEpKV4j6LooPIoaYParlZ4NiBE2X5+7fiXMAIh6rpaIcxAeDVdUXHQem78A/n7ecfRYAlCphXsURTnQfG/JJC/RwkO9iCy9yjBEWcNoqyrlTiTEPldxZmEKOgqHt9iDyL782MlHo9vsQeRtZ9fO5iDyNyjOg72IIq62tqaYg0ib4+6drAJkd3VFJMQBV1NTe2yC5HTFZOQO+9R3fPYZQ4iu6spwcEq5PY9StTV7m6WLYjtVFlXu9nsCDMQi9+ruKtsNptOp9N/WTWHmJ/I2s8l88im0+n0/v7+Qc6mHcSiZI8a4Dg4OFhdVXGnRjHks9I9StpVx7G6uvrpU8yJCHmudD+/cR6CIxaLxR5gQJT/3ufOjljMaDQ6ASHN18q+P5fRVcdhNBqNQ9tWAEhL+ffnCuZhNBqNQ0NDQ0N+qpCmyu85lTu+fEkkEnYLDcio6u/PFXbVcSQSiYTJ5FQFeU7le0518xAcJpPJNKMMUqL0/Tk1h2l4eHh4RB6kPkHlHvKA827HsS/bMXx+nvqtdUcItfvt9OcxfH6eSqVSqa8/boU06d2/AnR8LRaLN0Pq9O6339aVckfqa7FYLB7fBKF0DxlhHsXj42PjQEgIqqspCEehUBgA8dG5347S1fFxoVAo2PpCWrrqqlAoFE5OWn0gBr11VTg5Oan0gdC63w45j1Svo2KVQujdQ8bq6qRSqVQkkAlq95DxuqpUKmUJhNb9dsyuKpVyeVQC0WNX5XK52gOx6LKrcrlabYghE5Tut+N2VS5Xq3YxhNo9ZNyuqtXqhQhipXS/HburavVCDKkzvUcN7qp60QPZ1GtXFxc1EYTV/fwaMmgetV4Iu/v5jV3VarW6CML2fj64q1qt9mc3hPX9fPA8ape9ED3sUX3mcXl5KYboY4/q5xgTQdjfz/t31QvRb1djYz0QvXYlhbC/n/ftqgeinz1KMo8eiG72KKlDBNHPHtXbVT+ILrsaG7vqgei0q6ur770QfXZ19V2A/DcAHpmC7NcZ4/wAAAAASUVORK5CYII="
                    />
                  </div>
                  <span
                    className="MuiBadge-badge-252 MuiBadge-colorPrimary-253"
                  >
                    <svg
                      aria-hidden="true"
                      className="MuiSvgIcon-root-56"
                      focusable="false"
                      viewBox="0 0 24 24"
                    >
                      <path
                        d="M0 0h24v24H0z"
                        fill="none"
                      />
                      <path
                        d="M19.35 10.04C18.67 6.59 15.64 4 12 4 9.11 4 6.6 5.64 5.35 8.04 2.34 8.36 0 10.91 0 14c0 3.31 2.69 6 6 6h13c2.76 0 5-2.24 5-5 0-2.64-2.05-4.78-4.65-4.96zM14 13v4h-4v-4H7l5-5 5 5h-3z"
                      />
                    </svg>
                  </span>
                </span>
              </div>
            </div>
            <div
              className="MuiGrid-item-137 MuiGrid-grid-xs-12-176 MuiGrid-grid-sm-12-190 MuiGrid-grid-md-12-204 GridItem-grid-233"
            >
              <div
                className="MuiGrid-container-136"
              >
                <div
                  className="MuiGrid-item-137 MuiGrid-grid-xs-12-176 MuiGrid-grid-sm-12-190 MuiGrid-grid-md-6-198 GridItem-grid-233"
                >
                  <div
                    className="MuiFormControl-root-269 MuiFormControl-fullWidth-272 undefined CustomInput-formControl-268"
                  >
                    <label
                      className="MuiFormLabel-root-278 MuiInputLabel-root-273 MuiInputLabel-formControl-274 MuiInputLabel-animated-277 CustomInput-labelRoot-263"
                      data-shrink={false}
                    >
                      Username
                    </label>
                    <div
                      className="MuiInput-root-285 MuiInput-formControl-286 MuiInput-underline-289 CustomInput-underline-260"
                    >
                      <input
                        aria-invalid={false}
                        className="MuiInput-input-293"
                        disabled={false}
                        name="username"
                        onBlur={[Function]}
                        onChange={[Function]}
                        onFocus={[Function]}
                        required={false}
                        type="text"
                        value=""
                      />
                    </div>
                  </div>
                </div>
                <div
                  className="MuiGrid-item-137 MuiGrid-grid-xs-12-176 MuiGrid-grid-sm-12-190 MuiGrid-grid-md-6-198 GridItem-grid-233"
                >
                  <div
                    className="MuiFormControl-root-269 MuiFormControl-fullWidth-272 undefined CustomInput-formControl-268"
                  >
                    <label
                      className="MuiFormLabel-root-278 MuiInputLabel-root-273 MuiInputLabel-formControl-274 MuiInputLabel-animated-277 CustomInput-labelRoot-263"
                      data-shrink={false}
                    >
                      Email address
                    </label>
                    <div
                      className="MuiInput-root-285 MuiInput-formControl-286 MuiInput-underline-289 CustomInput-underline-260"
                    >
                      <input
                        aria-invalid={false}
                        className="MuiInput-input-293"
                        disabled={false}
                        name="email"
                        onBlur={[Function]}
                        onChange={[Function]}
                        onFocus={[Function]}
                        required={false}
                        type="text"
                        value=""
                      />
                    </div>
                  </div>
                </div>
              </div>
              <div
                className="MuiGrid-container-136"
              >
                <div
                  className="MuiGrid-item-137 MuiGrid-grid-xs-12-176 MuiGrid-grid-sm-12-190 MuiGrid-grid-md-6-198 GridItem-grid-233"
                >
                  <div
                    className="MuiFormControl-root-269 MuiFormControl-fullWidth-272 undefined CustomInput-formControl-268"
                  >
                    <label
                      className="MuiFormLabel-root-278 MuiInputLabel-root-273 MuiInputLabel-formControl-274 MuiInputLabel-animated-277 CustomInput-labelRoot-263"
                      data-shrink={false}
                    >
                      First Name
                    </label>
                    <div
                      className="MuiInput-root-285 MuiInput-formControl-286 MuiInput-underline-289 CustomInput-underline-260"
                    >
                      <input
                        aria-invalid={false}
                        className="MuiInput-input-293"
                        disabled={false}
                        name="firstName"
                        onBlur={[Function]}
                        onChange={[Function]}
                        onFocus={[Function]}
                        required={false}
                        type="text"
                        value=""
                      />
                    </div>
                  </div>
                </div>
                <div
                  className="MuiGrid-item-137 MuiGrid-grid-xs-12-176 MuiGrid-grid-sm-12-190 MuiGrid-grid-md-6-198 GridItem-grid-233"
                >
                  <div
                    className="MuiFormControl-root-269 MuiFormControl-fullWidth-272 undefined CustomInput-formControl-268"
                  >
                    <label
                      className="MuiFormLabel-root-278 MuiInputLabel-root-273 MuiInputLabel-formControl-274 MuiInputLabel-animated-277 CustomInput-labelRoot-263"
                      data-shrink={false}
                    >
                      Last Name
                    </label>
                    <div
                      className="MuiInput-root-285 MuiInput-formControl-286 MuiInput-underline-289 CustomInput-underline-260"
                    >
                      <input
                        aria-invalid={false}
                        className="MuiInput-input-293"
                        disabled={false}
                        name="lastName"
                        onBlur={[Function]}
                        onChange={[Function]}
                        onFocus={[Function]}
                        required={false}
                        type="text"
                        value=""
                      />
                    </div>
                  </div>
                </div>
              </div>
            </div>
          </div>
        </div>
      </div>
    </div>
  </div>
</form>
`;
